src/controllers/orderController.ts(47,42): error TS2345: Argument of type '{ tableNumber: any; totalAmount: any; }' is not assignable to parameter of type 'Optional<OrderAttributes, NullishPropertiesOf<OrderAttributes>>'.
  Property 'status' is missing in type '{ tableNumber: any; totalAmount: any; }' but required in type 'Omit<OrderAttributes, NullishPropertiesOf<OrderAttributes>>'.
src/index.ts(18,1): error TS2349: This expression is not callable.
  Type 'Sequelize' has no call signatures.
